==WARNING== Note: Running with uncontrolled GPU caches. Profiling results may be inconsistent.
==PROF== Connected to process 390284 (/data/c16/env/cpython-3.10.12/bin/python3.10)
==PROF== Profiling "kernel" - 0: Application replay pass 1
==PROF== Profiling "unrolled_elementwise_kernel" - 1: Application replay pass 1
==PROF== Profiling "vectorized_elementwise_kernel" - 2: Application replay pass 1
==PROF== Profiling "reduce_kernel" - 3: Application replay pass 1
==PROF== Profiling "vectorized_elementwise_kernel" - 4: Application replay pass 1
==PROF== Profiling "vectorized_elementwise_kernel" - 5: Application replay pass 1
==PROF== Profiling "elementwise_kernel" - 6: Application replay pass 1
==PROF== Profiling "unrolled_elementwise_kernel" - 7: Application replay pass 1
==PROF== Profiling "elementwise_kernel" - 8: Application replay pass 1
==PROF== Profiling "kernel" - 9: Application replay pass 1
==PROF== Profiling "kernel" - 10: Application replay pass 1
==PROF== Profiling "unrolled_elementwise_kernel" - 11: Application replay pass 1
==PROF== Profiling "vectorized_elementwise_kernel" - 12: Application replay pass 1
==PROF== Profiling "reduce_kernel" - 13: Application replay pass 1
==PROF== Profiling "vectorized_elementwise_kernel" - 14: Application replay pass 1
==PROF== Profiling "vectorized_elementwise_kernel" - 15: Application replay pass 1
==PROF== Profiling "elementwise_kernel" - 16: Application replay pass 1
==PROF== Profiling "unrolled_elementwise_kernel" - 17: Application replay pass 1
==PROF== Profiling "elementwise_kernel" - 18: Application replay pass 1
==PROF== Profiling "unrolled_elementwise_kernel" - 19: Application replay pass 1
==PROF== Profiling "gemmk1_kernel" - 20: Application replay pass 1
==PROF== Profiling "CatArrayBatchedCopy_aligned16..." - 21: Application replay pass 1
==PROF== Profiling "vectorized_elementwise_kernel" - 22: Application replay pass 1
==PROF== Profiling "vectorized_elementwise_kernel" - 23: Application replay pass 1
==PROF== Profiling "vectorized_elementwise_kernel" - 24: Application replay pass 1
==PROF== Profiling "vectorized_elementwise_kernel" - 25: Application replay pass 1
==PROF== Profiling "unrolled_elementwise_kernel" - 26: Application replay pass 1
==PROF== Profiling "unrolled_elementwise_kernel" - 27: Application replay pass 1
==PROF== Profiling "elementwise_kernel" - 28: Application replay pass 1
==PROF== Profiling "elementwise_kernel" - 29: Application replay pass 1
==PROF== Profiling "CatArrayBatchedCopy" - 30: Application replay pass 1
==PROF== Profiling "elementwise_kernel" - 31: Application replay pass 1
==PROF== Profiling "vectorized_elementwise_kernel" - 32: Application replay pass 1
==PROF== Profiling "elementwise_kernel" - 33: Application replay pass 1
==PROF== Profiling "elementwise_kernel" - 34: Application replay pass 1
==PROF== Profiling "CatArrayBatchedCopy" - 35: Application replay pass 1
==PROF== Profiling "elementwise_kernel" - 36: Application replay pass 1
==PROF== Profiling "vectorized_elementwise_kernel" - 37: Application replay pass 1
==PROF== Profiling "CatArrayBatchedCopy_contig" - 38: Application replay pass 1
==PROF== Profiling "CatArrayBatchedCopy_contig" - 39: Application replay pass 1
==PROF== Profiling "elementwise_kernel" - 40: Application replay pass 1
==PROF== Profiling "elementwise_kernel" - 41: Application replay pass 1
==PROF== Profiling "vectorized_elementwise_kernel" - 42: Application replay pass 1
==PROF== Profiling "reduce_kernel" - 43: Application replay pass 1
==PROF== Profiling "vectorized_elementwise_kernel" - 44: Application replay pass 1
==PROF== Profiling "reduce_kernel" - 45: Application replay pass 1
{"status": "PASS", "repeat_bitwise": true, "cache_after": 2049, "post_k": {"shape": [1, 8, 2049, 128], "dtype": "torch.bfloat16", "ptr": "0x740fa4c20000", "storage_ptr": "0x740fa4c20000", "storage_bytes": 4196352, "sha": "e8f8afe8ae32ed571ddea9c9ebbd94d454c650466ea838152b610ebca5914b2f"}, "derived_k_repeat": {"shape": [1, 32, 2049, 128], "dtype": "torch.bfloat16", "ptr": "0x740f4a000000", "storage_ptr": "0x740f4a000000", "storage_bytes": 16785408, "sha": "57b24fca3ce24fc5726c2c6c7bc8f4b1c9bc42d502b4584b2d6f38647a0e3e86"}, "alias": false}
==PROF== Disconnected from process 390284
==PROF== Creating report from application replay data: 0%.................100%
==PROF== Report: /data/c16/qwen3_runtime_v14/v18r2_repeatk_ncu.ncu-rep
